[cli] task_id=795ec107  mode=wet_lab
[cli] input: demo

[cli] demo-paper loaded: rt_qpcr
[cli] coding: starting
[coder 15:35:04 +0.0s] Creating Daytona sandbox...
[coder 15:35:04 +0.3s] Sandbox created: 07ce674e-fa5f-4dc1-bad8-44b9977caefc
[coder 15:35:04 +0.3s] Installing Python 3.11 via uv (timeout=120s)...
[coder 15:35:06 +2.4s] uv python install exit_code=0 success=True
[coder 15:35:06 +2.4s] uv python install stdout:
Downloading cpython-3.11.14-linux-x86_64-gnu (download) (29.8MiB)
 Downloaded cpython-3.11.14-linux-x86_64-gnu (download)
Installed Python 3.11.14 in 1.62s
 + cpython-3.11.14-linux-x86_64-gnu (python3.11)
warning: `/home/daytona/.local/bin` is not on your PATH. To use installed Python executables, run `export PATH="/home/daytona/.local/bin:$PATH"` or `uv python update-shell`.

[coder 15:35:06 +2.4s] Creating Python 3.11 venv...
[coder 15:35:07 +2.8s] uv venv exit_code=0 success=True
[coder 15:35:07 +2.8s] Running: uv pip install opentrons into venv (timeout=180s)...
[coder 15:35:08 +4.6s] pip install exit_code=0 success=True
[coder 15:35:08 +4.6s] pip stdout tail:
Using Python 3.11.14 environment at: venv311
Resolved 22 packages in 435ms
Downloading pydantic-core (2.0MiB)
Downloading numpy (17.4MiB)
Downloading opentrons (1.8MiB)
Downloading opentrons-shared-data (1.2MiB)
 Downloaded pydantic-core
 Downloaded opentrons
 Downloaded opentrons-shared-data
 Downloaded numpy
Prepared 22 packages in 657ms
Installed 22 packages in 442ms
 + aionotify==0.3.1
 + annotated-types==0.7.0
 + anyio==4.13.0
 + attrs==26.1.0
 + click==8.4.1
 + idna==3.16
 + jsonschema==4.17.3
 + numpy==1.26.4
 + opentrons==9.0.0
 + opentrons-shared-data==9.0.0
 + packaging==26.2
 + pydantic==2.13.4
 + pydantic-core==2.46.4
 + pydantic-settings==2.14.1
 + pyro5==5.16
 + pyrsistent==0.20.0
 + pyserial==3.5
 + python-dotenv==1.2.2
 + pyusb==1.2.1
 + serpent==1.42
 + typing-extensions==4.15.0
 + typing-inspection==0.4.2

[coder 15:35:08 +4.6s] Uploading protocol.py to sandbox (attempt 1/4)...
[coder 15:35:09 +4.9s] Running: /home/daytona/venv311/bin/opentrons_simulate (timeout=120s)...
[coder 15:35:12 +8.0s] opentrons_simulate exit_code=0 success=True
[coder 15:35:12 +8.0s] simulate stdout:
/home/daytona/.opentrons/robot_settings.json not found. Loading defaults
Deck calibration not found.
/home/daytona/.opentrons/deck_calibration.json not found. Loading defaults
Picking up tip from A1 of Opentrons OT-2 96 Tip Rack 20 µL on 2
Transferring 2.0 from A1 of Opentrons Tough 96 Well Plate 200 µL PCR Full Skirt on 1 to B1 of Opentrons Tough 96 Well Plate 200 µL PCR Full Skirt on 1
	Aspirating 2.0 uL from A1 of Opentrons Tough 96 Well Plate 200 µL PCR Full Skirt on 1 at 7.56 uL/sec
	Dispensing 2.0 uL into B1 of Opentrons Tough 96 Well Plate 200 µL PCR Full Skirt on 1 at 7.56 uL/sec
Dropping tip into A1 of Opentrons Fixed Trash on 12
Initial denaturation: 95.0 C for 600 s
Delaying for 10 minutes and 0.0 seconds

[coder 15:35:12 +8.0s] SUCCESS: Opentrons protocol simulated successfully. Saved to workspace/generated_code/protocol_795ec107.py (3 liquid-handling calls, 1 SKIPPED, coverage=1.00 via heuristic_fallback)
[cli] coding: success — Opentrons protocol simulated successfully. Saved to workspace/generated_code/protocol_795ec107.py (3 liquid-handling calls, 1 SKIPPED, coverage=1.00 via heuristic_fallback)
[cli] synthesis: starting
[cli] synthesis: success — Final Markdown report saved to workspace/final_reports/report_795ec107.md

================================================================
TOKEN USAGE SUMMARY
================================================================
Agent                 Calls     Prompt Completion      Total
----------------------------------------------------------------
coder                     1      1,031        300      1,331
synthesizer               1      1,982        574      2,556
----------------------------------------------------------------
TOTAL                     2      3,013        874      3,887
================================================================


[cli] pipeline finished — status: success
[cli] report: workspace/final_reports/report_795ec107.md
[cli] exit_code=0

╭──── Lineage Summary · task 795ec107 ──────────────────────────────╮
│  Fields with lineage: 0
│    • paper_span:             0 records  (cyan)
│    • enricher_fill (PIE):    0 records  (magenta)
│    • oracle_reading:         0 records  (yellow)
│    • replanner_revision:     0 records  (green)
│  Citation health: 6 verified · 0 content_mismatch · 0 unreachable
│  Iteration outcome: PENDING in 0 iterations
╰──────────────────────────────────────────────────────────────────────╯

[cli] field not found: step_1.template_amount_ng
