[cli] task_id=805f95c3  mode=dry_lab
[cli] input: scGPT single-cell foundation model Cui 2024 Nature Methods github

[cli] research: starting
[cli] research: success — Research complete: 4 queries, 20 results, 20 unique sources
[cli] extraction: starting
[cli] extraction: success — Protocol extracted and validated (dry_lab mode) — saved to workspace/extracted_protocols/protocol_805f95c3.json
[cli] coding: starting
[coder 15:41:38 +0.0s] Creating Daytona sandbox for dry lab...
[coder 15:41:38 +0.2s] Sandbox created: a83afa2d-e413-4709-b08c-d748b0e58cd1
[coder 15:41:38 +0.2s] Cloning https://github.com/bowang-lab/scGPT into sandbox...
[coder 15:41:41 +3.0s] Repo cloned successfully.
[coder 15:41:41 +3.0s] main_script not provided — scanning repo for entry point...
[coder 15:41:41 +3.1s] Python script candidates: []
[coder 15:41:41 +3.2s] Notebook candidates: ['/home/daytona/repo/tutorials/Tutorial_Annotation.ipynb', '/home/daytona/repo/tutorials/Tutorial_Attention_GRN.ipynb', '/home/daytona/repo/tutorials/Tutorial_GRN.ipynb', '/home/daytona/repo/tutorials/Tutorial_Integration.ipynb', '/home/daytona/repo/tutorials/Tutorial_Multiomics.ipynb', '/home/daytona/repo/tutorials/Tutorial_Perturbation.ipynb', '/home/daytona/repo/tutorials/Tutorial_Reference_Mapping.ipynb', '/home/daytona/repo/tutorials/zero-shot/Tutorial_ZeroShot_Integration.ipynb', '/home/daytona/repo/tutorials/zero-shot/Tutorial_ZeroShot_Integration_Continual_Pretraining.ipynb', '/home/daytona/repo/tutorials/zero-shot/Tutorial_ZeroShot_Reference_Mapping.ipynb']
[coder 15:41:41 +3.4s] README run hints: scGPT works with Python >= 3.7.13 and R >=3.6.1. Please make sure you have the correct version of Python and R installed pre-installation.
[coder 15:41:41 +3.4s] Discovered entry point: tutorials/Tutorial_Annotation.ipynb
[coder 15:41:41 +3.4s] Installing Python 3.11 via uv (timeout=120s)...
[coder 15:41:42 +4.4s] uv python install exit_code=0 success=True
[coder 15:41:42 +4.4s] uv python install stdout:
Downloading cpython-3.11.14-linux-x86_64-gnu (download) (29.8MiB)
 Downloaded cpython-3.11.14-linux-x86_64-gnu (download)
Installed Python 3.11.14 in 868ms
 + cpython-3.11.14-linux-x86_64-gnu (python3.11)
warning: `/home/daytona/.local/bin` is not on your PATH. To use installed Python executables, run `export PATH="/home/daytona/.local/bin:$PATH"` or `uv python update-shell`.

[coder 15:41:42 +4.4s] Creating Python 3.11 venv...
[coder 15:41:42 +4.7s] uv venv exit_code=0 success=True
[coder 15:41:42 +4.8s] Env discovery: found 3 file(s): ['docs/environment.yml', 'docs/requirements.txt', 'pyproject.toml']
[coder 15:41:42 +4.9s] torch/pytorch referenced in env files — stripping + CPU torch preinstall
[coder 15:41:47 +9.3s] cpu torch install exit_code=2 success=False
[coder 15:41:47 +9.3s] WARNING: CPU torch preinstall failed — proceeding anyway
[coder 15:41:47 +9.3s] pip install -r /home/daytona/repo/docs/requirements.txt (timeout=600s)...
[coder 15:41:51 +13.2s] pip install -r /home/daytona/repo/docs/requirements.txt: exit_code=0 success=True
[coder 15:41:51 +13.2s] pip install -e . (timeout=600s)...
[coder 15:42:03 +25.1s] pip install -e .: exit_code=1 success=False
[coder 15:42:03 +25.1s] FAILED: pip install -r requirements.txt failed
[cli] coding: error — pip install -r requirements.txt failed
[cli] synthesis: starting
[cli] synthesis: success — Final Markdown report saved to workspace/final_reports/report_805f95c3.md

================================================================
TOKEN USAGE SUMMARY
================================================================
Agent                 Calls     Prompt Completion      Total
----------------------------------------------------------------
methodology               1      8,444        379      8,823
researcher                2      3,332        165      3,497
synthesizer               1     47,250      2,238     49,488
----------------------------------------------------------------
TOTAL                     4     59,026      2,782     61,808
================================================================


[cli] pipeline finished — status: error
[cli] report: workspace/final_reports/report_805f95c3.md
[cli] errors:
  - [coding] pip install -r requirements.txt failed: repo
Downloading pygments (1.2MiB)
Downloading pyarrow (46.6MiB)
Downloading aiohttp (1.7MiB)
Downloading hf-xet (4.3MiB)
Downloading sympy (6.0MiB)
Downloading nvidia-cusolver (191.6MiB)
Downloading nvidia-cuda-cupti (10.2MiB)
Downloading nvidia-cusparselt-cu13 (162.3MiB)
Downloading setuptools (1.0MiB)
Downloading orbax-checkpoint (1.2MiB)
Downloading jax (3.0MiB)
Downloading nvidia-nccl-cu13 (196.4MiB)
Downloading nvidia-curand (56.8MiB)
Downloading nvidia-cublas (403.5MiB)
Downloading nvidia-nvshmem-cu13 (57.6MiB)
Downloading nvidia-cudnn-cu13 (349.2MiB)
Downloading jaxlib (81.8MiB)
Downloading uvloop (3.6MiB)
Downloading nvidia-cusparse (139.2MiB)
Downloading ml-dtypes (4.8MiB)
Downloading nvidia-cuda-runtime (2.1MiB)
Downloading nvidia-nvjitlink (38.8MiB)
Downloading triton (192.1MiB)
Downloading nvidia-cufft (204.2MiB)
Downloading nvidia-cuda-nvrtc (86.0MiB)
Downloading tensorstore (20.0MiB)
Downloading nvidia-cufile (1.2MiB)
Downloading torch (507.5MiB)
Downloading cuda-bindings (6.0MiB)
   Building docrep==0.3.2
   Building cell-gears==0.0.2
 Downloaded nvidia-cufile
 Downloaded aiohttp
      Built scgpt @ file:///home/daytona/repo
      Built cell-gears==0.0.2
      Built docrep==0.3.2
 Downloaded nvidia-cuda-runtime
 Downloaded pygments
 Downloaded setuptools
 Downloaded hf-xet
 Downloaded uvloop
 Downloaded ml-dtypes
 Downloaded jax
 Downloaded cuda-bindings
 Downloaded nvidia-cuda-cupti
 Downloaded orbax-checkpoint
 Downloaded tensorstore
 Downloaded sympy
 Downloaded nvidia-nvjitlink
 Downloaded nvidia-curand
 Downloaded nvidia-nvshmem-cu13
  × Failed to download `torch==2.12.0`
  ├─▶ Failed to extract archive:
  │   torch-2.12.0-cp311-cp311-manylinux_2_28_x86_64.whl
  ├─▶ I/O operation failed during extraction
  ╰─▶ failed to create file
      `/home/daytona/.cache/uv/.tmpVaeH6C/torch/include/ATen/core/NamedTensor.h`:
      No space left on device (os error 28)
  help: `torch` (v2.12.0) was included because `scgpt` (v0.2.5) depends on
        `torch`

[cli] exit_code=1
