[cli] task_id=6c3f92f9  mode=wet_lab
[cli] input: demo

[cli] demo-paper loaded: rt_qpcr
[cli] coding: starting
[coder 15:38:18 +0.0s] Creating Daytona sandbox...
[coder 15:38:19 +0.3s] Sandbox created: 5f5ef84b-d923-494f-b1dd-4a7525df7689
[coder 15:38:19 +0.3s] Installing Python 3.11 via uv (timeout=120s)...
[coder 15:38:20 +2.0s] uv python install exit_code=0 success=True
[coder 15:38:20 +2.0s] uv python install stdout:
Downloading cpython-3.11.14-linux-x86_64-gnu (download) (29.8MiB)
 Downloaded cpython-3.11.14-linux-x86_64-gnu (download)
Installed Python 3.11.14 in 1.29s
 + cpython-3.11.14-linux-x86_64-gnu (python3.11)
warning: `/home/daytona/.local/bin` is not on your PATH. To use installed Python executables, run `export PATH="/home/daytona/.local/bin:$PATH"` or `uv python update-shell`.

[coder 15:38:20 +2.0s] Creating Python 3.11 venv...
[coder 15:38:21 +2.4s] uv venv exit_code=0 success=True
[coder 15:38:21 +2.4s] Running: uv pip install opentrons into venv (timeout=180s)...
[coder 15:38:22 +4.0s] pip install exit_code=0 success=True
[coder 15:38:22 +4.0s] pip stdout tail:
Using Python 3.11.14 environment at: venv311
Resolved 22 packages in 459ms
Downloading pydantic-core (2.0MiB)
Downloading opentrons-shared-data (1.2MiB)
Downloading numpy (17.4MiB)
Downloading opentrons (1.8MiB)
 Downloaded pydantic-core
 Downloaded opentrons
 Downloaded opentrons-shared-data
 Downloaded numpy
Prepared 22 packages in 775ms
Installed 22 packages in 105ms
 + aionotify==0.3.1
 + annotated-types==0.7.0
 + anyio==4.13.0
 + attrs==26.1.0
 + click==8.4.1
 + idna==3.16
 + jsonschema==4.17.3
 + numpy==1.26.4
 + opentrons==9.0.0
 + opentrons-shared-data==9.0.0
 + packaging==26.2
 + pydantic==2.13.4
 + pydantic-core==2.46.4
 + pydantic-settings==2.14.1
 + pyro5==5.16
 + pyrsistent==0.20.0
 + pyserial==3.5
 + python-dotenv==1.2.2
 + pyusb==1.2.1
 + serpent==1.42
 + typing-extensions==4.15.0
 + typing-inspection==0.4.2

[coder 15:38:22 +4.0s] Uploading protocol.py to sandbox (attempt 1/4)...
[coder 15:38:23 +4.3s] Running: /home/daytona/venv311/bin/opentrons_simulate (timeout=120s)...
[coder 15:38:25 +7.1s] opentrons_simulate exit_code=0 success=True
[coder 15:38:25 +7.1s] simulate stdout:
/home/daytona/.opentrons/robot_settings.json not found. Loading defaults
Deck calibration not found.
/home/daytona/.opentrons/deck_calibration.json not found. Loading defaults
Picking up tip from A1 of Opentrons OT-2 96 Tip Rack 20 µL on 2
Transferring 2.0 from A1 of Opentrons Tough 96 Well Plate 200 µL PCR Full Skirt on 1 to B1 of Opentrons Tough 96 Well Plate 200 µL PCR Full Skirt on 1
	Aspirating 2.0 uL from A1 of Opentrons Tough 96 Well Plate 200 µL PCR Full Skirt on 1 at 7.56 uL/sec
	Dispensing 2.0 uL into B1 of Opentrons Tough 96 Well Plate 200 µL PCR Full Skirt on 1 at 7.56 uL/sec
Dropping tip into A1 of Opentrons Fixed Trash on 12
Initial denaturation: incubate at 95.0 C for 600 seconds.
Delaying for 10 minutes and 0.0 seconds

[coder 15:38:25 +7.1s] SUCCESS: Opentrons protocol simulated successfully. Saved to workspace/generated_code/protocol_6c3f92f9.py (3 liquid-handling calls, 2 SKIPPED, coverage=1.00 via heuristic_fallback)
[cli] coding: success — Opentrons protocol simulated successfully. Saved to workspace/generated_code/protocol_6c3f92f9.py (3 liquid-handling calls, 2 SKIPPED, coverage=1.00 via heuristic_fallback)
[cli] iteration: starting
[cli] iteration: success
[cli] iteration: starting
[cli] iteration: success
[cli] synthesis: starting
[cli] synthesis: success — Final Markdown report saved to workspace/final_reports/report_6c3f92f9.md

================================================================
TOKEN USAGE SUMMARY
================================================================
Agent                 Calls     Prompt Completion      Total
----------------------------------------------------------------
coder                     1      1,031        312      1,343
replanner                 2        565        283        848
synthesizer               1      3,054        655      3,709
----------------------------------------------------------------
TOTAL                     4      4,650      1,250      5,900
================================================================


[cli] pipeline finished — status: success
[cli] report: workspace/final_reports/report_6c3f92f9.md
[cli] exit_code=0

╭──── Lineage Summary · task 6c3f92f9 ──────────────────────────────╮
│  Fields with lineage: 1
│    • paper_span:             0 records  (cyan)
│    • enricher_fill (PIE):    0 records  (magenta)
│    • oracle_reading:         2 records  (yellow)
│    • replanner_revision:     2 records  (green)
│  Citation health: 6 verified · 0 content_mismatch · 0 unreachable
│  Iteration outcome: CONVERGED in 2 iterations
╰──────────────────────────────────────────────────────────────────────╯

── step_1.template_amount_ng ──
├─ oracle_reading  [iter 1]
│    value = 100.0
│    placed_at = 2026-05-22T22:38:26.192980+00:00
│    instrument= mock_qpcr_v1
│    cq        = None
│    regime    = inhibition_suspected
│    no_amp    = True
│    raw_csv   = workspace/iterations/1/qpcr_raw_10000.csv
│    citations:
│      - MIQE_essential_inhibition_testing  [✓]  — "Inhibition testing (Cq dilutions, spike or other)"
│      - PCR_inhibition_matrix_specific_schrader_2012  [✓]  — "Some of them are predominantly found in specific types of samples thus necessita"
│
├─ replanner_revision  [iter 1]
│    value = 25.0
│    placed_at = 2026-05-22T22:38:27.632588+00:00
│    action    = reduce_template
│    rule_id   = rule.no_amp.high_template.reduce
│    rationale = The current result is a no-amplification case at a high template input (100.0 ng), so the rule indicates reducing template rather than treating this as an ambig
│    parent_value = 100.0
│    citations:
│      - MIQE_2009  [✓]
│      - MIQE_essential_linear_dynamic_range  [✓]  — "Linear dynamic range"
│      - MIQE_essential_reaction_volume_and_template  [✓]  — "Reaction volume and amount of cDNA/DNA"
│
├─ oracle_reading  [iter 2]
│    value = 25.0
│    placed_at = 2026-05-22T22:38:27.639339+00:00
│    instrument= mock_qpcr_v1
│    cq        = 27.9
│    regime    = clean
│    no_amp    = False
│    raw_csv   = workspace/iterations/2/qpcr_raw_2500.csv
│
└─ replanner_revision  [iter 2]
     value = 25.0
     placed_at = 2026-05-22T22:38:28.841269+00:00
     action    = converged
     rule_id   = rule.converged.clean_optimal_range
     rationale = The result is already in the clean, non-ambiguous regime at a mid-range template amount (25.0 ng) with a stable Cq of 27.9 and no amplification failure, so ther
     parent_value = 25.0
     parent_cq    = 27.9
     citations:
       - MIQE_2009  [✓]
       - MIQE_essential_linear_dynamic_range  [✓]  — "Linear dynamic range"

