[cli] task_id=1338cb1c  mode=dry_lab
[cli] input: scGPT single-cell foundation model Cui 2024 Nature Methods github

[cli] research: starting
[cli] research: success — Research complete: 4 queries, 20 results, 20 unique sources
[cli] extraction: starting
[cli] extraction: success — Protocol extracted and validated (dry_lab mode) — saved to workspace/extracted_protocols/protocol_1338cb1c.json
[cli] coding: starting
[coder 19:02:41 +0.0s] Creating Daytona sandbox for dry lab...
[coder 19:02:41 +0.3s] Sandbox created: 756c5601-3904-4a19-bc08-19c360914710
[coder 19:02:41 +0.3s] Cloning https://github.com/bowang-lab/scGPT into sandbox...
[coder 19:02:44 +3.4s] Repo cloned successfully.
[coder 19:02:44 +3.4s] main_script not provided — scanning repo for entry point...
[coder 19:02:44 +3.6s] Python script candidates: []
[coder 19:02:45 +3.7s] Notebook candidates: ['/home/daytona/repo/tutorials/Tutorial_Annotation.ipynb', '/home/daytona/repo/tutorials/Tutorial_Attention_GRN.ipynb', '/home/daytona/repo/tutorials/Tutorial_GRN.ipynb', '/home/daytona/repo/tutorials/Tutorial_Integration.ipynb', '/home/daytona/repo/tutorials/Tutorial_Multiomics.ipynb', '/home/daytona/repo/tutorials/Tutorial_Perturbation.ipynb', '/home/daytona/repo/tutorials/Tutorial_Reference_Mapping.ipynb', '/home/daytona/repo/tutorials/zero-shot/Tutorial_ZeroShot_Integration.ipynb', '/home/daytona/repo/tutorials/zero-shot/Tutorial_ZeroShot_Integration_Continual_Pretraining.ipynb', '/home/daytona/repo/tutorials/zero-shot/Tutorial_ZeroShot_Reference_Mapping.ipynb']
[coder 19:02:45 +3.8s] README run hints: scGPT works with Python >= 3.7.13 and R >=3.6.1. Please make sure you have the correct version of Python and R installed pre-installation.
[coder 19:02:45 +3.8s] Discovered entry point: tutorials/Tutorial_Annotation.ipynb
[coder 19:02:45 +3.8s] Installing Python 3.11 via uv (timeout=120s)...
[coder 19:02:46 +5.2s] uv python install exit_code=0 success=True
[coder 19:02:46 +5.2s] uv python install stdout:
Downloading cpython-3.11.14-linux-x86_64-gnu (download) (29.8MiB)
 Downloaded cpython-3.11.14-linux-x86_64-gnu (download)
Installed Python 3.11.14 in 1.26s
 + cpython-3.11.14-linux-x86_64-gnu (python3.11)
warning: `/home/daytona/.local/bin` is not on your PATH. To use installed Python executables, run `export PATH="/home/daytona/.local/bin:$PATH"` or `uv python update-shell`.

[coder 19:02:46 +5.2s] Creating Python 3.11 venv...
[coder 19:02:46 +5.5s] uv venv exit_code=0 success=True
[coder 19:02:46 +5.7s] Env discovery: found 3 file(s): ['docs/environment.yml', 'docs/requirements.txt', 'pyproject.toml']
[coder 19:02:47 +5.8s] torch/pytorch referenced in env files — stripping + CPU torch preinstall
[coder 19:02:47 +6.4s]   Stripped torch from pyproject.toml: 3 line(s)
[coder 19:02:49 +8.2s] cpu torch install exit_code=2 success=False
[coder 19:02:49 +8.2s] FAILED: CPU-only torch preinstall failed; refusing to proceed
[cli] coding: error — CPU-only torch preinstall failed; refusing to proceed because full CUDA install would exhaust sandbox disk
[cli] synthesis: starting
[cli] synthesis: success — Final Markdown report saved to workspace/final_reports/report_1338cb1c.md

================================================================
TOKEN USAGE SUMMARY
================================================================
Agent                 Calls     Prompt Completion      Total
----------------------------------------------------------------
methodology               1      8,345        284      8,629
researcher                2      3,374        177      3,551
synthesizer               1     44,785      2,222     47,007
----------------------------------------------------------------
TOTAL                     4     56,504      2,683     59,187
================================================================


[cli] pipeline finished — status: error
[cli] report: workspace/final_reports/report_1338cb1c.md
[cli] errors:
  - [coding] CPU-only torch preinstall failed; refusing to proceed because full CUDA install would exhaust sandbox disk: cpu_torch_exit_code=2
--- stdout tail ---
Using Python 3.11.14 environment at: venv311
error: Request failed after 3 retries
  Caused by: Failed to fetch: `https://download.pytorch.org/whl/cpu/torch/`
  Caused by: error sending request for url (https://download.pytorch.org/whl/cpu/torch/)
  Caused by: client error (Connect)
  Caused by: Connection reset by peer (os error 104)

[cli] exit_code=1
