[cli] task_id=8b246717  mode=wet_lab
[cli] input: demo

[cli] demo-paper loaded: rt_qpcr
[cli] coding: starting
[coder 18:46:53 +0.0s] Creating Daytona sandbox...
[coder 18:46:53 +0.3s] Sandbox created: 09c6c6a0-5ded-4ad2-9971-3b60309d8f7e
[coder 18:46:53 +0.3s] Installing Python 3.11 via uv (timeout=120s)...
[coder 18:46:55 +2.5s] uv python install exit_code=0 success=True
[coder 18:46:55 +2.5s] uv python install stdout:
Downloading cpython-3.11.14-linux-x86_64-gnu (download) (29.8MiB)
 Downloaded cpython-3.11.14-linux-x86_64-gnu (download)
Installed Python 3.11.14 in 1.68s
 + cpython-3.11.14-linux-x86_64-gnu (python3.11)
warning: `/home/daytona/.local/bin` is not on your PATH. To use installed Python executables, run `export PATH="/home/daytona/.local/bin:$PATH"` or `uv python update-shell`.

[coder 18:46:55 +2.5s] Creating Python 3.11 venv...
[coder 18:46:55 +2.9s] uv venv exit_code=0 success=True
[coder 18:46:55 +2.9s] Running: uv pip install opentrons into venv (timeout=180s)...
[coder 18:46:57 +4.4s] pip install exit_code=0 success=True
[coder 18:46:57 +4.4s] pip stdout tail:
Using Python 3.11.14 environment at: venv311
Resolved 22 packages in 221ms
Downloading pydantic-core (2.0MiB)
Downloading numpy (17.4MiB)
Downloading opentrons-shared-data (1.2MiB)
Downloading opentrons (1.8MiB)
 Downloaded pydantic-core
 Downloaded opentrons
 Downloaded opentrons-shared-data
 Downloaded numpy
Prepared 22 packages in 655ms
Installed 22 packages in 108ms
 + aionotify==0.3.1
 + annotated-types==0.7.0
 + anyio==4.13.0
 + attrs==26.1.0
 + click==8.4.1
 + idna==3.16
 + jsonschema==4.17.3
 + numpy==1.26.4
 + opentrons==9.0.0
 + opentrons-shared-data==9.0.0
 + packaging==26.2
 + pydantic==2.13.4
 + pydantic-core==2.46.4
 + pydantic-settings==2.14.1
 + pyro5==5.16
 + pyrsistent==0.20.0
 + pyserial==3.5
 + python-dotenv==1.2.2
 + pyusb==1.2.1
 + serpent==1.42
 + typing-extensions==4.15.0
 + typing-inspection==0.4.2

[coder 18:46:57 +4.4s] Uploading protocol.py to sandbox (attempt 1/4)...
[coder 18:46:58 +5.0s] Running: /home/daytona/venv311/bin/opentrons_simulate (timeout=120s)...
[coder 18:47:01 +8.1s] opentrons_simulate exit_code=0 success=True
[coder 18:47:01 +8.1s] simulate stdout:
/home/daytona/.opentrons/robot_settings.json not found. Loading defaults
Deck calibration not found.
/home/daytona/.opentrons/deck_calibration.json not found. Loading defaults
Transferring 2.0 from A1 of Opentrons Tough 96 Well Plate 200 µL PCR Full Skirt on 1 to B1 of Opentrons Tough 96 Well Plate 200 µL PCR Full Skirt on 2
	Picking up tip from A1 of Opentrons OT-2 96 Tip Rack 20 µL on 3
	Aspirating 2.0 uL from A1 of Opentrons Tough 96 Well Plate 200 µL PCR Full Skirt on 1 at 7.56 uL/sec
	Dispensing 2.0 uL into B1 of Opentrons Tough 96 Well Plate 200 µL PCR Full Skirt on 2 at 7.56 uL/sec
	Dropping tip into A1 of Opentrons Fixed Trash on 12
Incubate at 95 C for 600 seconds (initial denaturation).
Delaying for 10 minutes and 0.0 seconds

[coder 18:47:01 +8.1s] SUCCESS: Opentrons protocol simulated successfully. Saved to workspace/generated_code/protocol_8b246717.py (1 liquid-handling calls, 1 SKIPPED, coverage=0.50 via markers)
[cli] coding: success — Opentrons protocol simulated successfully. Saved to workspace/generated_code/protocol_8b246717.py (1 liquid-handling calls, 1 SKIPPED, coverage=0.50 via markers)
[cli] iteration 1: starting  (oracle reading + replanner)
[cli] iteration 1: success — cq=none regime=inhibition_suspected action=reduce_template
[cli] iteration 2: starting  (oracle reading + replanner)
[cli] iteration 2: success — cq=27.14 regime=clean action=converged
[cli] synthesis: starting
[cli] synthesis: success — Final Markdown report saved to workspace/final_reports/report_8b246717.md

================================================================
TOKEN USAGE SUMMARY
================================================================
Agent                 Calls     Prompt Completion      Total
----------------------------------------------------------------
coder                     1      2,111        343      2,454
replanner                 2        565        250        815
synthesizer               1      4,088        771      4,859
----------------------------------------------------------------
TOTAL                     4      6,764      1,364      8,128
================================================================


[cli] pipeline finished — status: success
[cli] report: workspace/final_reports/report_8b246717.md
[cli] exit_code=0

╭──── Lineage Summary · task 8b246717 ──────────────────────────────╮
│  Fields with lineage: 6
│    • paper_span:             6 records  (cyan)
│    • enricher_fill (PIE):    0 records  (magenta)
│    • oracle_reading:         2 records  (yellow)
│    • replanner_revision:     2 records  (green)
│  Citation health: 6 verified · 0 content_mismatch · 0 unreachable
│  Iteration outcome: CONVERGED in 2 iterations
╰──────────────────────────────────────────────────────────────────────╯

── step_1.template_amount_ng ──
├─ paper_span
│    value = 100.0
│    placed_at = 2026-05-22T00:00:00+00:00
│    doc_url   = demo://rt_qpcr_v1
│    span_id   = step_1_template_amount_ng
│    quoted    = "Add 100 ng template per well. Crude lysate; matrix-specific inhibition risk per Schrader 2012."
│    citations:
│      - PCR_inhibition_matrix_specific_schrader_2012  [✓]  — "Some of them are predominantly found in specific types of samples thus necessita"
│
├─ oracle_reading  [iter 1]
│    value = 100.0
│    placed_at = 2026-05-23T01:47:01.345622+00:00
│    instrument= mock_qpcr_v1
│    cq        = None
│    regime    = inhibition_suspected
│    no_amp    = True
│    raw_csv   = workspace/iterations/1/qpcr_raw_10000.csv
│    citations:
│      - MIQE_essential_inhibition_testing  [✓]  — "Inhibition testing (Cq dilutions, spike or other)"
│      - PCR_inhibition_matrix_specific_schrader_2012  [✓]  — "Some of them are predominantly found in specific types of samples thus necessita"
│
├─ replanner_revision  [iter 1]
│    value = 25.0
│    placed_at = 2026-05-23T01:47:02.932838+00:00
│    action    = reduce_template
│    rule_id   = rule.no_amp.high_template.reduce
│    rationale = Although the current sample shows no amplification at a high template input (100 ng), the rule selected a template reduction rather than immediate protocol…
│    parent_value = 100.0
│    citations:
│      - MIQE_2009  [✓]
│      - MIQE_essential_inhibition_testing  [✓]  — "Inhibition testing (Cq dilutions, spike or other)"
│      - PCR_inhibition_matrix_specific_schrader_2012  [✓]  — "Some of them are predominantly found in specific types of samples thus necessita"
│
├─ oracle_reading  [iter 2]
│    value = 25.0
│    placed_at = 2026-05-23T01:47:02.935111+00:00
│    instrument= mock_qpcr_v1
│    cq        = 27.14
│    regime    = clean
│    no_amp    = False
│    raw_csv   = workspace/iterations/2/qpcr_raw_2500.csv
│
└─ replanner_revision  [iter 2]
     value = 25.0
     placed_at = 2026-05-23T01:47:04.240054+00:00
     action    = converged
     rule_id   = rule.converged.clean_optimal_range
     rationale = The current result falls in the clean, unambiguous optimal range, with a valid amplification signal at 25 ng template and no indication of inhibition or…
     parent_value = 25.0
     parent_cq    = 27.14
     citations:
       - MIQE_2009  [✓]
       - MIQE_essential_linear_dynamic_range  [✓]  — "Linear dynamic range"

